C:\Program Files\dotnet\sdk\10.0.201\Microsoft.Common.CurrentVersion.targets(5395,5): error MSB3027: Could not copy "C:\Users\SHAIKSHAVALI\Downloads\MajorProj\backend\obj\Debug\net10.0\apphost.exe" to "bin\Debug\net10.0\EGrievanceApi.exe". Exceeded retry count of 10. Failed. The file is locked by: "EGrievanceApi (19428)" [C:\Users\SHAIKSHAVALI\Downloads\MajorProj\backend\EGrievanceApi.csproj]
C:\Program Files\dotnet\sdk\10.0.201\Microsoft.Common.CurrentVersion.targets(5395,5): error MSB3021: Unable to copy file "C:\Users\SHAIKSHAVALI\Downloads\MajorProj\backend\obj\Debug\net10.0\apphost.exe" to "bin\Debug\net10.0\EGrievanceApi.exe". The process cannot access the file 'C:\Users\SHAIKSHAVALI\Downloads\MajorProj\backend\bin\Debug\net10.0\EGrievanceApi.exe' because it is being used by another process. [C:\Users\SHAIKSHAVALI\Downloads\MajorProj\backend\EGrievanceApi.csproj]

Build FAILED.
    10 Warning(s)
    2 Error(s)

Time Elapsed 00:00:13.60
