--- EGrievance Routing Test Suite ---
Logging in as tester...
Login Successful!

Test: Explicit Faculty Selection
 [FAIL]
   Expected: Faculty Issue -> Faculty / HOD
   Actual:   Faculty Issue -> Faculty

Test: Explicit Infrastructure Selection (Dean)
 [FAIL]
   Expected: Infrastructure -> Dean of Academic Affairs
   Actual:   Infrastructure -> Dean

Test: Explicit Hostel Selection
 [PASS] Category: Hostel | Role: Warden

Test: Explicit Admin Selection
 [FAIL]
   Expected: Admin -> Administrative Office
   Actual:   Admin -> Admin

Test: Explicit Safety Selection
 [FAIL]
   Expected: Safety -> Dean of Students
   Actual:   Safety -> Dean

Test: AI Fallback - Library Issue (No explicit category)
 [FAIL]
   Expected: Infrastructure -> Dean of Academic Affairs
   Actual:   Infrastructure -> Dean

Test: AI Fallback - Food Issue
 [PASS] Category: Food | Role: Warden

--- Summary ---
2 / 7 Tests Passed.
SOME TESTS FAILED.
